dd aa ff
gg aa cc
aa bb cc
èè éé èè
👩‍🔬 👩‍🔬 👩‍🔬
💣💣 💣💣 💣💣
