aa bb cc
dd aa ff
gg aa cc
èè éé èè
👩‍🔬 👩‍🔬 👩‍🔬
💣💣 💣💣 💣💣
