






1.2.3-alpha
1.2.3-alpha2
11.2.3
bar2
bar2.0.0
foo0.1
foo1.0
			1.12.4
