c 3 2 1 cd
d 4 3 2 de
e 5 5 3 ef
f 6 7 4 fg
g 7 11 5 gh
