PIPED
LOGICAL1
LOGICAL2
PIPED_AND_LOGICAL1
PIPED_AND_LOGICAL2
PIPED_OK
LOGICAL1
PIPED_AND_LOGICAL1
DONE
