# ANCHOR: array_assignments
4 2 3
4 5 3
4 5 6
# ANCHOR_END: array_assignments
# ANCHOR: array_ops
4 4 5 5 5 6 6 6 6
4 4 5 5 5 6 6 6 6 1 2 3
1 2 3 4 4 5 5 5 6 6 6 6 1 2 3
1 2 3 1 2 3
1 2 2 3 3 3
1 2 2 3 3 3 4
0 1 2 2 3 3 3 4
0 1 2 2 4
# ANCHOR_END: array_ops
# ANCHOR: create_array
one two three four
# ANCHOR_END: create_array
# ANCHOR: index_array
1
3 4 5
# ANCHOR_END: index_array
# ANCHOR: array_copy
1 2 3
# ANCHOR_END: array_copy
# ANCHOR: array_join
hello world this is the ion shell
hello world this is the ion shell
# ANCHOR_END: array_join
# ANCHOR: array_concat_var_strip
0 1 4 5
-1 1 4 5 6
# ANCHOR_END: array_concat_var_strip
# ANCHOR: practical_array
./
../
t1/
t2/
t1 t2
# ANCHOR_END: practical_array
