one   two    three four 'five' six
0  one  two  three  1
0   one
two
three   1
0  one  two  three  1
0   one
two
three   1
