and
or
false
true
double or
double and
or and
true
true
false
true
true
false
true
true
false
