1
2
3
4
5
1
2
3
4
5
1
2
3
4
5
1
2
3
4
5
1
2
3
4
5
1A1
1A2
1B1
1B2
1, 2, 3
4, 5, 6
7, 8, 9
10, , 
1
2
3
4
5
; one
two
three
a b c
d e f
g
h i
