Cargo.toml
tests/brace_exp.ion tests/brace_exp.out tests/braces.ion tests/braces.out tests/break.ion tests/break.out
Cargo.toml
Cargo.toml
Cargo.lock Cargo.toml
Cargo.toml
Cargo.toml
tests/else_if.ion tests/empty_loop_test.ion tests/exists.ion tests/fail.ion tests/fibonacci.ion tests/fn-root-vars.ion tests/fn.ion tests/for.ion tests/function_piping.ion
[]
[] []
one three two
three two
three two
Cargo.lock Cargo.toml clippy.toml rustfmt.toml
LICENSE README.md
Cargo.lock Cargo.toml clippy.toml rustfmt.toml
LICENSE
Cargo.toml
Cargo.toml
Cargo.toml
