ion: expansion error: Invalid index -3 for sequence with length 2
