ion: expansion error: Invalid range between (5,12) for sequence with length 5
