ion: expansion error: Invalid index 1 for sequence with length 1
