5
10
5
1
2
3
one two
three four
five six
5
25
6.25
one two
three
four five
6 3 5
4 1 1
3 1 2
3 1 2
one
two
three
four
five
six
