# ANCHOR: testing_maps
one
two
three
1
3
2
1 2 3 4 5
6 7 8
key1 one key3 three
key1 one key2 two key3 three
one
two
three
ichi 1.0 ni 2.0 san 3.0
ichi foo ni 2.0 san 3.0
ichi foo ni bar san 3.0
# ANCHOR_END: testing_maps
# ANCHOR: hashmap
pc27 pc2
# ANCHOR_END: hashmap
# ANCHOR: btreemap
red green
orange pc15 pc2 pc27
pc22 green red blue
orange pc22 pc15 green pc2 red pc27 blue
orange: pc22
pc15: green
pc2: red
pc27: blue
# ANCHOR_END: btreemap
