Odd!
Even!
Odd!
Even!
Odd!
Even!
Use tar -xzf
Unknown file type
Use tar -xzf
Unknown file type
WILDCARD!
WILDCARD!
Almost half full (or half empty)
Getting close to full :O
Time for spring cleaning, almost full!
How did you even do this...
Static :(
Static :(
Animated :D
5 is between 0 and 10
0 at minimum
10 at maximum
0 is less than min=1
10 is more than max=9
