one two three four
one, two, three, four
one two three four
one two three four
5
one two
three four
five six
seven eight
nine ten
39 75
o
n
e
 
ğŸ˜‰
ğŸ˜‰
ğŸ˜‰
 
t
w
o
 
ğŸ˜‰
ğŸ˜‰
ğŸ˜‰
 
t
h
r
e
e
 
ğŸ˜‰
ğŸ˜‰
ğŸ˜‰
 
f
o
u
r
 
ğŸ˜‰
ğŸ˜‰
ğŸ˜‰
 
f
i
v
e
1 two 1 two
1 1 1 one
one one one one one 
one
two
three
one	two	three
one\ntwo\nthree
one\ntwo\nthree
one	two	three
apple
sauce
11 2 3 4 521 2 3 4 531 2 3 4 541 2 3 4 55
one two enemy enemy town
one two"	one
\'one two\'
So Space!
Spacey!
 So Space!
  Spacey!
So Space  !
Spacey !
