not true
not true
not false
not false
true and not false
true and not false
not test
not test
hello
1
