should be printed
should be printed
should be printed
should be printed
