5
ion: expansion error: Variable "x" does not exist
