2
ion: expansion error: Variable "y" does not exist
