1
ion: expansion error: Variable "super::y" does not exist
