bar
bar
ion: undefined variable: foo
ion: pipeline execution error: command not found: super::demo
