[[1;31masdf[39m]
[[1;31masdf[39m
[1;31masdf[39m]
