hello?world
hello*world
hello^world
hello%world
$hello
\
\n
one\
two\
three
"
<
<
<<
<<
<<<
<<<
>
>
>>
>>
>>>
>>>
