Ҥ
1
ӌ
ion: assignment error: invalid variable name: only alphanumerical characters and underscores are supported
ion: expansion error: Variable "1Ҳ" does not exist
