CHUNK(10)
vier
fuenf
sechs
sieben
acht
neun
zehn
elf
END(25)
